"AOI name","Proportion of fixations spent in AOI","Proportion of fixations durations spent in AOI"
"AOI_1","0.4","0.3442968012656423"
"AOI_2","0.3","0.3433122619282033"
"AOI_3","0.2","0.24434229377295846"
